<div class="hamber-bzh57p">red</div>
<div class="hamber-4yw8vx">green: foo</div>



<div class="hamber-4yw8vx">green: bar</div>


